// Vitest Snapshot v1, https://vitest.dev/guide/snapshot.html

exports[`SomeComponent > should create the app 1`] = `
<div
  _nghost-a-c145517223=""
  id="root0"
  ng-version="18.2.9"
>
  <h1
    _ngcontent-a-c145517223=""
  >
    Some header
  </h1>
  <p
    _ngcontent-a-c145517223=""
  >
    Some content
  </p>
</div>
`;
